// Jest Snapshot v1, https://goo.gl/fbAQLP

exports[`StocksList components should render correctly 1`] = `
<DocumentFragment>
  <div
    class="grid grid-cols-2"
    data-testid="stocks-list"
  >
    <a
      class="stock-card h-52 flex flex-col px-4 py-6 relative"
      href="/AAPL"
    >
      <div
        class="absolute overflow-hidden m-2 inset-0 pt-1"
      >
        <div
          class="[writing-mode:vertical-lr] font-extrabold subpixel-antialiased tracking-widest text-6xl text-white/25 blur-sm"
        >
          AAPL
        </div>
      </div>
      <div
        class="text-right mt-auto"
      >
        <div
          class="max-h-20 text-lg uppercase break-normal font-bold tracking-wider text-ellipsis overflow-hidden"
        >
          Apple Inc.
        </div>
        <div
          class="tracking-wider"
        >
          $ 152.95
        </div>
      </div>
      <div
        class="p-1 absolute right-4 top-6 rounded-full border border-white"
      >
        <svg
          aria-hidden="true"
          class="h-3 w-3"
          fill="none"
          stroke="currentColor"
          stroke-width="2"
          viewBox="0 0 24 24"
          xmlns="http://www.w3.org/2000/svg"
        >
          <path
            d="M17 8l4 4m0 0l-4 4m4-4H3"
            stroke-linecap="round"
            stroke-linejoin="round"
          />
        </svg>
      </div>
    </a>
    <a
      class="stock-card h-52 flex flex-col px-4 py-6 relative"
      href="/MSFT"
    >
      <div
        class="absolute overflow-hidden m-2 inset-0 pt-1"
      >
        <div
          class="[writing-mode:vertical-lr] font-extrabold subpixel-antialiased tracking-widest text-6xl text-white/25 blur-sm"
        >
          MSFT
        </div>
      </div>
      <div
        class="text-right mt-auto"
      >
        <div
          class="max-h-20 text-lg uppercase break-normal font-bold tracking-wider text-ellipsis overflow-hidden"
        >
          Microsoft Corporation
        </div>
        <div
          class="tracking-wider"
        >
          $ 258.83
        </div>
      </div>
      <div
        class="p-1 absolute right-4 top-6 rounded-full border border-white"
      >
        <svg
          aria-hidden="true"
          class="h-3 w-3"
          fill="none"
          stroke="currentColor"
          stroke-width="2"
          viewBox="0 0 24 24"
          xmlns="http://www.w3.org/2000/svg"
        >
          <path
            d="M17 8l4 4m0 0l-4 4m4-4H3"
            stroke-linecap="round"
            stroke-linejoin="round"
          />
        </svg>
      </div>
    </a>
    <a
      class="stock-card h-52 flex flex-col px-4 py-6 relative"
      href="/NVDA"
    >
      <div
        class="absolute overflow-hidden m-2 inset-0 pt-1"
      >
        <div
          class="[writing-mode:vertical-lr] font-extrabold subpixel-antialiased tracking-widest text-6xl text-white/25 blur-sm"
        >
          NVDA
        </div>
      </div>
      <div
        class="text-right mt-auto"
      >
        <div
          class="max-h-20 text-lg uppercase break-normal font-bold tracking-wider text-ellipsis overflow-hidden"
        >
          NVIDIA Corporation
        </div>
        <div
          class="tracking-wider"
        >
          $ 170.24
        </div>
      </div>
      <div
        class="p-1 absolute right-4 top-6 rounded-full border border-white"
      >
        <svg
          aria-hidden="true"
          class="h-3 w-3"
          fill="none"
          stroke="currentColor"
          stroke-width="2"
          viewBox="0 0 24 24"
          xmlns="http://www.w3.org/2000/svg"
        >
          <path
            d="M17 8l4 4m0 0l-4 4m4-4H3"
            stroke-linecap="round"
            stroke-linejoin="round"
          />
        </svg>
      </div>
    </a>
    <a
      class="stock-card h-52 flex flex-col px-4 py-6 relative"
      href="/ASML"
    >
      <div
        class="absolute overflow-hidden m-2 inset-0 pt-1"
      >
        <div
          class="[writing-mode:vertical-lr] font-extrabold subpixel-antialiased tracking-widest text-6xl text-white/25 blur-sm"
        >
          ASML
        </div>
      </div>
      <div
        class="text-right mt-auto"
      >
        <div
          class="max-h-20 text-lg uppercase break-normal font-bold tracking-wider text-ellipsis overflow-hidden"
        >
          ASML Holding N.V.
        </div>
        <div
          class="tracking-wider"
        >
          $ 538.97
        </div>
      </div>
      <div
        class="p-1 absolute right-4 top-6 rounded-full border border-white"
      >
        <svg
          aria-hidden="true"
          class="h-3 w-3"
          fill="none"
          stroke="currentColor"
          stroke-width="2"
          viewBox="0 0 24 24"
          xmlns="http://www.w3.org/2000/svg"
        >
          <path
            d="M17 8l4 4m0 0l-4 4m4-4H3"
            stroke-linecap="round"
            stroke-linejoin="round"
          />
        </svg>
      </div>
    </a>
    <a
      class="stock-card h-52 flex flex-col px-4 py-6 relative"
      href="/AVGO"
    >
      <div
        class="absolute overflow-hidden m-2 inset-0 pt-1"
      >
        <div
          class="[writing-mode:vertical-lr] font-extrabold subpixel-antialiased tracking-widest text-6xl text-white/25 blur-sm"
        >
          AVGO
        </div>
      </div>
      <div
        class="text-right mt-auto"
      >
        <div
          class="max-h-20 text-lg uppercase break-normal font-bold tracking-wider text-ellipsis overflow-hidden"
        >
          Broadcom Inc.
        </div>
        <div
          class="tracking-wider"
        >
          $ 513.11
        </div>
      </div>
      <div
        class="p-1 absolute right-4 top-6 rounded-full border border-white"
      >
        <svg
          aria-hidden="true"
          class="h-3 w-3"
          fill="none"
          stroke="currentColor"
          stroke-width="2"
          viewBox="0 0 24 24"
          xmlns="http://www.w3.org/2000/svg"
        >
          <path
            d="M17 8l4 4m0 0l-4 4m4-4H3"
            stroke-linecap="round"
            stroke-linejoin="round"
          />
        </svg>
      </div>
    </a>
    <a
      class="stock-card h-52 flex flex-col px-4 py-6 relative"
      href="/CSCO"
    >
      <div
        class="absolute overflow-hidden m-2 inset-0 pt-1"
      >
        <div
          class="[writing-mode:vertical-lr] font-extrabold subpixel-antialiased tracking-widest text-6xl text-white/25 blur-sm"
        >
          CSCO
        </div>
      </div>
      <div
        class="text-right mt-auto"
      >
        <div
          class="max-h-20 text-lg uppercase break-normal font-bold tracking-wider text-ellipsis overflow-hidden"
        >
          Cisco Systems, Inc.
        </div>
        <div
          class="tracking-wider"
        >
          $ 44.34
        </div>
      </div>
      <div
        class="p-1 absolute right-4 top-6 rounded-full border border-white"
      >
        <svg
          aria-hidden="true"
          class="h-3 w-3"
          fill="none"
          stroke="currentColor"
          stroke-width="2"
          viewBox="0 0 24 24"
          xmlns="http://www.w3.org/2000/svg"
        >
          <path
            d="M17 8l4 4m0 0l-4 4m4-4H3"
            stroke-linecap="round"
            stroke-linejoin="round"
          />
        </svg>
      </div>
    </a>
    <a
      class="stock-card h-52 flex flex-col px-4 py-6 relative"
      href="/ADBE"
    >
      <div
        class="absolute overflow-hidden m-2 inset-0 pt-1"
      >
        <div
          class="[writing-mode:vertical-lr] font-extrabold subpixel-antialiased tracking-widest text-6xl text-white/25 blur-sm"
        >
          ADBE
        </div>
      </div>
      <div
        class="text-right mt-auto"
      >
        <div
          class="max-h-20 text-lg uppercase break-normal font-bold tracking-wider text-ellipsis overflow-hidden"
        >
          Adobe Inc.
        </div>
        <div
          class="tracking-wider"
        >
          $ 391.96
        </div>
      </div>
      <div
        class="p-1 absolute right-4 top-6 rounded-full border border-white"
      >
        <svg
          aria-hidden="true"
          class="h-3 w-3"
          fill="none"
          stroke="currentColor"
          stroke-width="2"
          viewBox="0 0 24 24"
          xmlns="http://www.w3.org/2000/svg"
        >
          <path
            d="M17 8l4 4m0 0l-4 4m4-4H3"
            stroke-linecap="round"
            stroke-linejoin="round"
          />
        </svg>
      </div>
    </a>
    <a
      class="stock-card h-52 flex flex-col px-4 py-6 relative"
      href="/QCOM"
    >
      <div
        class="absolute overflow-hidden m-2 inset-0 pt-1"
      >
        <div
          class="[writing-mode:vertical-lr] font-extrabold subpixel-antialiased tracking-widest text-6xl text-white/25 blur-sm"
        >
          QCOM
        </div>
      </div>
      <div
        class="text-right mt-auto"
      >
        <div
          class="max-h-20 text-lg uppercase break-normal font-bold tracking-wider text-ellipsis overflow-hidden"
        >
          QUALCOMM Incorporated
        </div>
        <div
          class="tracking-wider"
        >
          $ 153.25
        </div>
      </div>
      <div
        class="p-1 absolute right-4 top-6 rounded-full border border-white"
      >
        <svg
          aria-hidden="true"
          class="h-3 w-3"
          fill="none"
          stroke="currentColor"
          stroke-width="2"
          viewBox="0 0 24 24"
          xmlns="http://www.w3.org/2000/svg"
        >
          <path
            d="M17 8l4 4m0 0l-4 4m4-4H3"
            stroke-linecap="round"
            stroke-linejoin="round"
          />
        </svg>
      </div>
    </a>
    <a
      class="stock-card h-52 flex flex-col px-4 py-6 relative"
      href="/INTC"
    >
      <div
        class="absolute overflow-hidden m-2 inset-0 pt-1"
      >
        <div
          class="[writing-mode:vertical-lr] font-extrabold subpixel-antialiased tracking-widest text-6xl text-white/25 blur-sm"
        >
          INTC
        </div>
      </div>
      <div
        class="text-right mt-auto"
      >
        <div
          class="max-h-20 text-lg uppercase break-normal font-bold tracking-wider text-ellipsis overflow-hidden"
        >
          Intel Corporation
        </div>
        <div
          class="tracking-wider"
        >
          $ 39.16
        </div>
      </div>
      <div
        class="p-1 absolute right-4 top-6 rounded-full border border-white"
      >
        <svg
          aria-hidden="true"
          class="h-3 w-3"
          fill="none"
          stroke="currentColor"
          stroke-width="2"
          viewBox="0 0 24 24"
          xmlns="http://www.w3.org/2000/svg"
        >
          <path
            d="M17 8l4 4m0 0l-4 4m4-4H3"
            stroke-linecap="round"
            stroke-linejoin="round"
          />
        </svg>
      </div>
    </a>
    <a
      class="stock-card h-52 flex flex-col px-4 py-6 relative"
      href="/TXN"
    >
      <div
        class="absolute overflow-hidden m-2 inset-0 pt-1"
      >
        <div
          class="[writing-mode:vertical-lr] font-extrabold subpixel-antialiased tracking-widest text-6xl text-white/25 blur-sm"
        >
          TXN
        </div>
      </div>
      <div
        class="text-right mt-auto"
      >
        <div
          class="max-h-20 text-lg uppercase break-normal font-bold tracking-wider text-ellipsis overflow-hidden"
        >
          Texas Instruments Incorporated
        </div>
        <div
          class="tracking-wider"
        >
          $ 163.2
        </div>
      </div>
      <div
        class="p-1 absolute right-4 top-6 rounded-full border border-white"
      >
        <svg
          aria-hidden="true"
          class="h-3 w-3"
          fill="none"
          stroke="currentColor"
          stroke-width="2"
          viewBox="0 0 24 24"
          xmlns="http://www.w3.org/2000/svg"
        >
          <path
            d="M17 8l4 4m0 0l-4 4m4-4H3"
            stroke-linecap="round"
            stroke-linejoin="round"
          />
        </svg>
      </div>
    </a>
    <a
      class="stock-card h-52 flex flex-col px-4 py-6 relative"
      href="/AMD"
    >
      <div
        class="absolute overflow-hidden m-2 inset-0 pt-1"
      >
        <div
          class="[writing-mode:vertical-lr] font-extrabold subpixel-antialiased tracking-widest text-6xl text-white/25 blur-sm"
        >
          AMD
        </div>
      </div>
      <div
        class="text-right mt-auto"
      >
        <div
          class="max-h-20 text-lg uppercase break-normal font-bold tracking-wider text-ellipsis overflow-hidden"
        >
          Advanced Micro Devices, Inc.
        </div>
        <div
          class="tracking-wider"
        >
          $ 87.54
        </div>
      </div>
      <div
        class="p-1 absolute right-4 top-6 rounded-full border border-white"
      >
        <svg
          aria-hidden="true"
          class="h-3 w-3"
          fill="none"
          stroke="currentColor"
          stroke-width="2"
          viewBox="0 0 24 24"
          xmlns="http://www.w3.org/2000/svg"
        >
          <path
            d="M17 8l4 4m0 0l-4 4m4-4H3"
            stroke-linecap="round"
            stroke-linejoin="round"
          />
        </svg>
      </div>
    </a>
  </div>
</DocumentFragment>
`;
