// Jest Snapshot v1, https://goo.gl/fbAQLP

exports[`StockCard components should render correctly 1`] = `
<DocumentFragment>
  <a
    class="stock-card h-52 flex flex-col px-4 py-6 relative"
    href="/AAPL"
  >
    <div
      class="absolute inset-0 pt-1"
    >
      <div
        class="[writing-mode:vertical-lr] font-extrabold subpixel-antialiased tracking-widest text-6xl text-white/25 blur-sm"
      >
        AAPL
      </div>
    </div>
    <div
      class="text-right mt-auto"
    >
      <div
        class="text-xl uppercase break-normal font-bold tracking-wider"
      >
        Apple Inc.
      </div>
      <div
        class="tracking-wider"
      >
        $ 151.6
      </div>
    </div>
    <div
      class="p-1 absolute right-4 top-6 rounded-full border border-white"
    >
      <svg
        aria-hidden="true"
        class="h-3 w-3"
        fill="none"
        stroke="currentColor"
        stroke-width="2"
        viewBox="0 0 24 24"
        xmlns="http://www.w3.org/2000/svg"
      >
        <path
          d="M17 8l4 4m0 0l-4 4m4-4H3"
          stroke-linecap="round"
          stroke-linejoin="round"
        />
      </svg>
    </div>
  </a>
</DocumentFragment>
`;
